<testsuites name="results">
  <testsuite name="all" package="all">
    <property name="random_seed" value="1777510949" />
    <testcase name="test_project" classname="test" file="/home/aymen/eml-stack-machine/test/test.py" lineno="9" time="0.13269639015197754" sim_time_ns="31400.0" ratio_time="236630.40090267334" />
  </testsuite>
</testsuites>